// Vitest Snapshot v1, https://vitest.dev/guide/snapshot.html

exports[`code splitting in cjs format 1`] = `
""use strict";Object.defineProperty(exports, "__esModule", {value: true}); function _interopRequireWildcard(obj) { if (obj && obj.__esModule) { return obj; } else { var newObj = {}; if (obj != null) { for (var key in obj) { if (Object.prototype.hasOwnProperty.call(obj, key)) { newObj[key] = obj[key]; } } } newObj.default = obj; return newObj; } }// input.ts
var foo = () => Promise.resolve().then(() => _interopRequireWildcard(require("./foo-D62QZYUQ.js")));


exports.foo = foo;
"
`;

exports[`code splitting in cjs format 2`] = `
""use strict";Object.defineProperty(exports, "__esModule", {value: true}); function _interopRequireWildcard(obj) { if (obj && obj.__esModule) { return obj; } else { var newObj = {}; if (obj != null) { for (var key in obj) { if (Object.prototype.hasOwnProperty.call(obj, key)) { newObj[key] = obj[key]; } } } newObj.default = obj; return newObj; } }// another-input.ts
var foo = () => Promise.resolve().then(() => _interopRequireWildcard(require("./foo-D62QZYUQ.js")));


exports.foo = foo;
"
`;

exports[`disable code splitting to get proper module.exports = 1`] = `
""use strict";

// input.ts
module.exports = 123;
"
`;

exports[`don't remove node protocol 1`] = `
""use strict";
var __create = Object.create;
var __defProp = Object.defineProperty;
var __getOwnPropDesc = Object.getOwnPropertyDescriptor;
var __getOwnPropNames = Object.getOwnPropertyNames;
var __getProtoOf = Object.getPrototypeOf;
var __hasOwnProp = Object.prototype.hasOwnProperty;
var __copyProps = (to, from, except, desc) => {
  if (from && typeof from === "object" || typeof from === "function") {
    for (let key of __getOwnPropNames(from))
      if (!__hasOwnProp.call(to, key) && key !== except)
        __defProp(to, key, { get: () => from[key], enumerable: !(desc = __getOwnPropDesc(from, key)) || desc.enumerable });
  }
  return to;
};
var __toESM = (mod, isNodeMode, target) => (target = mod != null ? __create(__getProtoOf(mod)) : {}, __copyProps(
  // If the importer is in node compatibility mode or this is not an ESM
  // file that has been converted to a CommonJS file using a Babel-
  // compatible transform (i.e. "__esModule" has not been set), then set
  // "default" to the CommonJS "module.exports" for node compatibility.
  isNodeMode || !mod || !mod.__esModule ? __defProp(target, "default", { value: mod, enumerable: true }) : target,
  mod
));

// input.ts
var import_node_fs = __toESM(require("node:fs"));
console.log(import_node_fs.default);
"
`;

exports[`external 1`] = `
""use strict";
var __defProp = Object.defineProperty;
var __getOwnPropDesc = Object.getOwnPropertyDescriptor;
var __getOwnPropNames = Object.getOwnPropertyNames;
var __hasOwnProp = Object.prototype.hasOwnProperty;
var __export = (target, all) => {
  for (var name in all)
    __defProp(target, name, { get: all[name], enumerable: true });
};
var __copyProps = (to, from, except, desc) => {
  if (from && typeof from === "object" || typeof from === "function") {
    for (let key of __getOwnPropNames(from))
      if (!__hasOwnProp.call(to, key) && key !== except)
        __defProp(to, key, { get: () => from[key], enumerable: !(desc = __getOwnPropDesc(from, key)) || desc.enumerable });
  }
  return to;
};
var __toCommonJS = (mod) => __copyProps(__defProp({}, "__esModule", { value: true }), mod);

// input.ts
var input_exports = {};
__export(input_exports, {
  bar: () => import_bar.bar,
  baz: () => baz,
  foo: () => import_foo.foo,
  qux: () => import_qux.qux
});
module.exports = __toCommonJS(input_exports);
var import_foo = require("foo");
var import_bar = require("bar");

// node_modules/baz/index.ts
var baz = "baz";

// input.ts
var import_qux = require("qux");
// Annotate the CommonJS export names for ESM import in node:
0 && (module.exports = {
  bar,
  baz,
  foo,
  qux
});
"
`;

exports[`multiple targets 1`] = `
""use strict";
var __defProp = Object.defineProperty;
var __getOwnPropDesc = Object.getOwnPropertyDescriptor;
var __getOwnPropNames = Object.getOwnPropertyNames;
var __hasOwnProp = Object.prototype.hasOwnProperty;
var __export = (target, all) => {
  for (var name in all)
    __defProp(target, name, { get: all[name], enumerable: true });
};
var __copyProps = (to, from, except, desc) => {
  if (from && typeof from === "object" || typeof from === "function") {
    for (let key of __getOwnPropNames(from))
      if (!__hasOwnProp.call(to, key) && key !== except)
        __defProp(to, key, { get: () => from[key], enumerable: !(desc = __getOwnPropDesc(from, key)) || desc.enumerable });
  }
  return to;
};
var __toCommonJS = (mod) => __copyProps(__defProp({}, "__esModule", { value: true }), mod);

// input.ts
var input_exports = {};
__export(input_exports, {
  answer: () => answer
});
module.exports = __toCommonJS(input_exports);
var answer = 42;
// Annotate the CommonJS export names for ESM import in node:
0 && (module.exports = {
  answer
});
"
`;

exports[`node protocol 1`] = `
""use strict";
var __create = Object.create;
var __defProp = Object.defineProperty;
var __getOwnPropDesc = Object.getOwnPropertyDescriptor;
var __getOwnPropNames = Object.getOwnPropertyNames;
var __getProtoOf = Object.getPrototypeOf;
var __hasOwnProp = Object.prototype.hasOwnProperty;
var __copyProps = (to, from, except, desc) => {
  if (from && typeof from === "object" || typeof from === "function") {
    for (let key of __getOwnPropNames(from))
      if (!__hasOwnProp.call(to, key) && key !== except)
        __defProp(to, key, { get: () => from[key], enumerable: !(desc = __getOwnPropDesc(from, key)) || desc.enumerable });
  }
  return to;
};
var __toESM = (mod, isNodeMode, target) => (target = mod != null ? __create(__getProtoOf(mod)) : {}, __copyProps(
  // If the importer is in node compatibility mode or this is not an ESM
  // file that has been converted to a CommonJS file using a Babel-
  // compatible transform (i.e. "__esModule" has not been set), then set
  // "default" to the CommonJS "module.exports" for node compatibility.
  isNodeMode || !mod || !mod.__esModule ? __defProp(target, "default", { value: mod, enumerable: true }) : target,
  mod
));

// input.ts
var import_node_fs = __toESM(require("fs"));
console.log(import_node_fs.default);
"
`;

exports[`simple 1`] = `
""use strict";
var __defProp = Object.defineProperty;
var __getOwnPropDesc = Object.getOwnPropertyDescriptor;
var __getOwnPropNames = Object.getOwnPropertyNames;
var __hasOwnProp = Object.prototype.hasOwnProperty;
var __export = (target, all) => {
  for (var name in all)
    __defProp(target, name, { get: all[name], enumerable: true });
};
var __copyProps = (to, from, except, desc) => {
  if (from && typeof from === "object" || typeof from === "function") {
    for (let key of __getOwnPropNames(from))
      if (!__hasOwnProp.call(to, key) && key !== except)
        __defProp(to, key, { get: () => from[key], enumerable: !(desc = __getOwnPropDesc(from, key)) || desc.enumerable });
  }
  return to;
};
var __toCommonJS = (mod) => __copyProps(__defProp({}, "__esModule", { value: true }), mod);

// input.ts
var input_exports = {};
__export(input_exports, {
  default: () => input_default
});
module.exports = __toCommonJS(input_exports);

// foo.ts
var foo_default = "foo";

// input.ts
var input_default = foo_default;
"
`;
